You: Hello, how are you?

Assistant (plan): I'm planning to respond to your greeting...

Assistant (final): Hello! I'm doing well, thank you for asking. How can I help you today?

ðŸ¤” Thinking...

You: Can you list the files in this directory?

Assistant (run_tool): Running: ls -la

Assistant (observation): Command output: total 16
drwxr-xr-x  4 user user 4096 Jan 15 10:30 .
drwxr-xr-x  3 user user 4096 Jan 15 10:25 ..
-rw-r--r--  1 user user  123 Jan 15 10:30 example.txt
-rw-r--r--  1 user user   45 Jan 15 10:28 README.md

Assistant (final): Here are the files in the current directory. I can see you have an example.txt file and a README.md file.